// Jest Snapshot v1, https://goo.gl/fbAQLP

exports[`renders a snapshot 1`] = `
<div>
  <div
    className="container"
    style={
      Object {
        "display": "flex",
        "justifyContent": "center",
      }
    }
  >
    <div
      className="card"
      style={
        Object {
          "width": "18rem",
        }
      }
    >
      <img
        className="card-img-top"
        src="me.jpeg"
      />
      <div
        className="card-body"
      >
        <div
          className="card-title h5"
        >
          Me
        </div>
        <p
          className="card-text"
        >
          this is me, about me and only me
        </p>
      </div>
    </div>
  </div>
</div>
`;
